2026-09-23 00:16:57 [ERROR]: MySQL connection error (attempt 1/5): Access denied for user '3zGXJnrbXLNbUa5.root'@'156.194.35.230' (using password: YES) {"code":"ER_ACCESS_DENIED_ERROR","errno":1045,"sqlState":"28000","sqlMessage":"Access denied for user '3zGXJnrbXLNbUa5.root'@'156.194.35.230' (using password: YES)"}
Error: Access denied for user '3zGXJnrbXLNbUa5.root'@'156.194.35.230' (using password: YES)
    at Packet.asError (D:\App_Live\node_modules\mysql2\lib\packets\packet.js:791:17)
    at ClientHandshake.execute (D:\App_Live\node_modules\mysql2\lib\commands\command.js:29:26)
    at PoolConnection.handlePacket (D:\App_Live\node_modules\mysql2\lib\base\connection.js:552:34)
    at PacketParser.onPacket (D:\App_Live\node_modules\mysql2\lib\base\connection.js:102:12)
    at PacketParser.executeStart (D:\App_Live\node_modules\mysql2\lib\packet_parser.js:75:16)
    at TLSSocket.<anonymous> (D:\App_Live\node_modules\mysql2\lib\base\connection.js:439:25)
    at TLSSocket.emit (node:events:519:28)
    at addChunk (node:internal/streams/readable:561:12)
    at readableAddChunkPushByteMode (node:internal/streams/readable:512:3)
    at Readable.push (node:internal/streams/readable:392:5)
2026-09-23 00:17:00 [ERROR]: MySQL connection error (attempt 2/5): Access denied for user '3zGXJnrbXLNbUa5.root'@'156.194.35.230' (using password: YES) {"code":"ER_ACCESS_DENIED_ERROR","errno":1045,"sqlState":"28000","sqlMessage":"Access denied for user '3zGXJnrbXLNbUa5.root'@'156.194.35.230' (using password: YES)"}
Error: Access denied for user '3zGXJnrbXLNbUa5.root'@'156.194.35.230' (using password: YES)
    at Packet.asError (D:\App_Live\node_modules\mysql2\lib\packets\packet.js:791:17)
    at ClientHandshake.execute (D:\App_Live\node_modules\mysql2\lib\commands\command.js:29:26)
    at PoolConnection.handlePacket (D:\App_Live\node_modules\mysql2\lib\base\connection.js:552:34)
    at PacketParser.onPacket (D:\App_Live\node_modules\mysql2\lib\base\connection.js:102:12)
    at PacketParser.executeStart (D:\App_Live\node_modules\mysql2\lib\packet_parser.js:75:16)
    at TLSSocket.<anonymous> (D:\App_Live\node_modules\mysql2\lib\base\connection.js:439:25)
    at TLSSocket.emit (node:events:519:28)
    at addChunk (node:internal/streams/readable:561:12)
    at readableAddChunkPushByteMode (node:internal/streams/readable:512:3)
    at Readable.push (node:internal/streams/readable:392:5)
2026-09-23 00:17:04 [ERROR]: MySQL connection error (attempt 3/5): Access denied for user '3zGXJnrbXLNbUa5.root'@'156.194.35.230' (using password: YES) {"code":"ER_ACCESS_DENIED_ERROR","errno":1045,"sqlState":"28000","sqlMessage":"Access denied for user '3zGXJnrbXLNbUa5.root'@'156.194.35.230' (using password: YES)"}
Error: Access denied for user '3zGXJnrbXLNbUa5.root'@'156.194.35.230' (using password: YES)
    at Packet.asError (D:\App_Live\node_modules\mysql2\lib\packets\packet.js:791:17)
    at ClientHandshake.execute (D:\App_Live\node_modules\mysql2\lib\commands\command.js:29:26)
    at PoolConnection.handlePacket (D:\App_Live\node_modules\mysql2\lib\base\connection.js:552:34)
    at PacketParser.onPacket (D:\App_Live\node_modules\mysql2\lib\base\connection.js:102:12)
    at PacketParser.executeStart (D:\App_Live\node_modules\mysql2\lib\packet_parser.js:75:16)
    at TLSSocket.<anonymous> (D:\App_Live\node_modules\mysql2\lib\base\connection.js:439:25)
    at TLSSocket.emit (node:events:519:28)
    at addChunk (node:internal/streams/readable:561:12)
    at readableAddChunkPushByteMode (node:internal/streams/readable:512:3)
    at Readable.push (node:internal/streams/readable:392:5)
2026-09-23 00:17:11 [ERROR]: MySQL connection error (attempt 4/5): Access denied for user '3zGXJnrbXLNbUa5.root'@'156.194.35.230' (using password: YES) {"code":"ER_ACCESS_DENIED_ERROR","errno":1045,"sqlState":"28000","sqlMessage":"Access denied for user '3zGXJnrbXLNbUa5.root'@'156.194.35.230' (using password: YES)"}
Error: Access denied for user '3zGXJnrbXLNbUa5.root'@'156.194.35.230' (using password: YES)
    at Packet.asError (D:\App_Live\node_modules\mysql2\lib\packets\packet.js:791:17)
    at ClientHandshake.execute (D:\App_Live\node_modules\mysql2\lib\commands\command.js:29:26)
    at PoolConnection.handlePacket (D:\App_Live\node_modules\mysql2\lib\base\connection.js:552:34)
    at PacketParser.onPacket (D:\App_Live\node_modules\mysql2\lib\base\connection.js:102:12)
    at PacketParser.executeStart (D:\App_Live\node_modules\mysql2\lib\packet_parser.js:75:16)
    at TLSSocket.<anonymous> (D:\App_Live\node_modules\mysql2\lib\base\connection.js:439:25)
    at TLSSocket.emit (node:events:519:28)
    at addChunk (node:internal/streams/readable:561:12)
    at readableAddChunkPushByteMode (node:internal/streams/readable:512:3)
    at Readable.push (node:internal/streams/readable:392:5)
2026-09-23 00:17:19 [ERROR]: MySQL connection error (attempt 5/5): Access denied for user '3zGXJnrbXLNbUa5.root'@'156.194.35.230' (using password: YES) {"code":"ER_ACCESS_DENIED_ERROR","errno":1045,"sqlState":"28000","sqlMessage":"Access denied for user '3zGXJnrbXLNbUa5.root'@'156.194.35.230' (using password: YES)"}
Error: Access denied for user '3zGXJnrbXLNbUa5.root'@'156.194.35.230' (using password: YES)
    at Packet.asError (D:\App_Live\node_modules\mysql2\lib\packets\packet.js:791:17)
    at ClientHandshake.execute (D:\App_Live\node_modules\mysql2\lib\commands\command.js:29:26)
    at PoolConnection.handlePacket (D:\App_Live\node_modules\mysql2\lib\base\connection.js:552:34)
    at PacketParser.onPacket (D:\App_Live\node_modules\mysql2\lib\base\connection.js:102:12)
    at PacketParser.executeStart (D:\App_Live\node_modules\mysql2\lib\packet_parser.js:75:16)
    at TLSSocket.<anonymous> (D:\App_Live\node_modules\mysql2\lib\base\connection.js:439:25)
    at TLSSocket.emit (node:events:519:28)
    at addChunk (node:internal/streams/readable:561:12)
    at readableAddChunkPushByteMode (node:internal/streams/readable:512:3)
    at Readable.push (node:internal/streams/readable:392:5)
2026-09-23 00:19:07 [ERROR]: MySQL connection error (attempt 1/5): You have an error in your SQL syntax; check the manual that corresponds to your TiDB version for the right syntax to use line 5 column 33 near "database
        "  {"code":"ER_PARSE_ERROR","errno":1064,"sqlState":"42000","sqlMessage":"You have an error in your SQL syntax; check the manual that corresponds to your TiDB version for the right syntax to use line 5 column 33 near \"database\n        \" ","sql":"\n        SELECT\n          1 AS connected,\n          VERSION() AS version,\n          DATABASE() AS database\n        "}
Error: You have an error in your SQL syntax; check the manual that corresponds to your TiDB version for the right syntax to use line 5 column 33 near "database
        " 
    at connectMySQL (D:\App_Live\src\config\database\mysql.ts:102:24)
    at process.processTicksAndRejections (node:internal/process/task_queues:105:5)
    at async startServer (D:\App_Live\src\server.ts:26:5)
2026-09-23 00:19:09 [ERROR]: MySQL connection error (attempt 2/5): You have an error in your SQL syntax; check the manual that corresponds to your TiDB version for the right syntax to use line 5 column 33 near "database
        "  {"code":"ER_PARSE_ERROR","errno":1064,"sqlState":"42000","sqlMessage":"You have an error in your SQL syntax; check the manual that corresponds to your TiDB version for the right syntax to use line 5 column 33 near \"database\n        \" ","sql":"\n        SELECT\n          1 AS connected,\n          VERSION() AS version,\n          DATABASE() AS database\n        "}
Error: You have an error in your SQL syntax; check the manual that corresponds to your TiDB version for the right syntax to use line 5 column 33 near "database
        " 
    at connectMySQL (D:\App_Live\src\config\database\mysql.ts:102:24)
    at process.processTicksAndRejections (node:internal/process/task_queues:105:5)
    at async startServer (D:\App_Live\src\server.ts:26:5)
2026-09-23 00:19:14 [ERROR]: MySQL connection error (attempt 3/5): You have an error in your SQL syntax; check the manual that corresponds to your TiDB version for the right syntax to use line 5 column 33 near "database
        "  {"code":"ER_PARSE_ERROR","errno":1064,"sqlState":"42000","sqlMessage":"You have an error in your SQL syntax; check the manual that corresponds to your TiDB version for the right syntax to use line 5 column 33 near \"database\n        \" ","sql":"\n        SELECT\n          1 AS connected,\n          VERSION() AS version,\n          DATABASE() AS database\n        "}
Error: You have an error in your SQL syntax; check the manual that corresponds to your TiDB version for the right syntax to use line 5 column 33 near "database
        " 
    at connectMySQL (D:\App_Live\src\config\database\mysql.ts:102:24)
    at process.processTicksAndRejections (node:internal/process/task_queues:105:5)
    at async startServer (D:\App_Live\src\server.ts:26:5)
2026-09-23 00:19:20 [ERROR]: MySQL connection error (attempt 4/5): You have an error in your SQL syntax; check the manual that corresponds to your TiDB version for the right syntax to use line 5 column 33 near "database
        "  {"code":"ER_PARSE_ERROR","errno":1064,"sqlState":"42000","sqlMessage":"You have an error in your SQL syntax; check the manual that corresponds to your TiDB version for the right syntax to use line 5 column 33 near \"database\n        \" ","sql":"\n        SELECT\n          1 AS connected,\n          VERSION() AS version,\n          DATABASE() AS database\n        "}
Error: You have an error in your SQL syntax; check the manual that corresponds to your TiDB version for the right syntax to use line 5 column 33 near "database
        " 
    at connectMySQL (D:\App_Live\src\config\database\mysql.ts:102:24)
    at process.processTicksAndRejections (node:internal/process/task_queues:105:5)
    at async startServer (D:\App_Live\src\server.ts:26:5)
2026-09-23 00:19:29 [ERROR]: MySQL connection error (attempt 5/5): You have an error in your SQL syntax; check the manual that corresponds to your TiDB version for the right syntax to use line 5 column 33 near "database
        "  {"code":"ER_PARSE_ERROR","errno":1064,"sqlState":"42000","sqlMessage":"You have an error in your SQL syntax; check the manual that corresponds to your TiDB version for the right syntax to use line 5 column 33 near \"database\n        \" ","sql":"\n        SELECT\n          1 AS connected,\n          VERSION() AS version,\n          DATABASE() AS database\n        "}
Error: You have an error in your SQL syntax; check the manual that corresponds to your TiDB version for the right syntax to use line 5 column 33 near "database
        " 
    at connectMySQL (D:\App_Live\src\config\database\mysql.ts:102:24)
    at process.processTicksAndRejections (node:internal/process/task_queues:105:5)
    at async startServer (D:\App_Live\src\server.ts:26:5)
2026-09-24 02:47:00 [ERROR]: MongoDB connection error: Could not connect to any servers in your MongoDB Atlas cluster. One common reason is that you're trying to access the database from an IP that isn't whitelisted. Make sure your current IP address is on your Atlas cluster's IP whitelist: https://www.mongodb.com/docs/atlas/security-whitelist/ {"errorLabelSet":{},"reason":{"type":"ReplicaSetNoPrimary","servers":{"ac-3jujzy3-shard-00-02.usyahjg.mongodb.net:27017":{"address":"ac-3jujzy3-shard-00-02.usyahjg.mongodb.net:27017","type":"Unknown","hosts":[],"passives":[],"arbiters":[],"tags":{},"minWireVersion":0,"maxWireVersion":0,"roundTripTime":-1,"minRoundTripTime":0,"lastUpdateTime":68357,"lastWriteDate":0,"error":{"errorLabelSet":{},"beforeHandshake":false},"topologyVersion":null,"setName":null,"setVersion":null,"electionId":null,"logicalSessionTimeoutMinutes":null,"maxMessageSizeBytes":null,"maxWriteBatchSize":null,"maxBsonObjectSize":null,"primary":null,"me":null,"$clusterTime":null,"iscryptd":false},"ac-3jujzy3-shard-00-01.usyahjg.mongodb.net:27017":{"address":"ac-3jujzy3-shard-00-01.usyahjg.mongodb.net:27017","type":"Unknown","hosts":[],"passives":[],"arbiters":[],"tags":{},"minWireVersion":0,"maxWireVersion":0,"roundTripTime":-1,"minRoundTripTime":0,"lastUpdateTime":68975,"lastWriteDate":0,"error":{"errorLabelSet":{},"beforeHandshake":false},"topologyVersion":null,"setName":null,"setVersion":null,"electionId":null,"logicalSessionTimeoutMinutes":null,"maxMessageSizeBytes":null,"maxWriteBatchSize":null,"maxBsonObjectSize":null,"primary":null,"me":null,"$clusterTime":null,"iscryptd":false},"ac-3jujzy3-shard-00-00.usyahjg.mongodb.net:27017":{"address":"ac-3jujzy3-shard-00-00.usyahjg.mongodb.net:27017","type":"Unknown","hosts":[],"passives":[],"arbiters":[],"tags":{},"minWireVersion":0,"maxWireVersion":0,"roundTripTime":-1,"minRoundTripTime":0,"lastUpdateTime":68899,"lastWriteDate":0,"error":{"errorLabelSet":{},"beforeHandshake":false},"topologyVersion":null,"setName":null,"setVersion":null,"electionId":null,"logicalSessionTimeoutMinutes":null,"maxMessageSizeBytes":null,"maxWriteBatchSize":null,"maxBsonObjectSize":null,"primary":null,"me":null,"$clusterTime":null,"iscryptd":false}},"stale":false,"compatible":true,"heartbeatFrequencyMS":10000,"localThresholdMS":15,"setName":"atlas-n09wct-shard-0","maxElectionId":null,"maxSetVersion":null,"commonWireVersion":0,"logicalSessionTimeoutMinutes":null},"cause":{"type":"ReplicaSetNoPrimary","servers":{"ac-3jujzy3-shard-00-02.usyahjg.mongodb.net:27017":{"address":"ac-3jujzy3-shard-00-02.usyahjg.mongodb.net:27017","type":"Unknown","hosts":[],"passives":[],"arbiters":[],"tags":{},"minWireVersion":0,"maxWireVersion":0,"roundTripTime":-1,"minRoundTripTime":0,"lastUpdateTime":68357,"lastWriteDate":0,"error":{"errorLabelSet":{},"beforeHandshake":false},"topologyVersion":null,"setName":null,"setVersion":null,"electionId":null,"logicalSessionTimeoutMinutes":null,"maxMessageSizeBytes":null,"maxWriteBatchSize":null,"maxBsonObjectSize":null,"primary":null,"me":null,"$clusterTime":null,"iscryptd":false},"ac-3jujzy3-shard-00-01.usyahjg.mongodb.net:27017":{"address":"ac-3jujzy3-shard-00-01.usyahjg.mongodb.net:27017","type":"Unknown","hosts":[],"passives":[],"arbiters":[],"tags":{},"minWireVersion":0,"maxWireVersion":0,"roundTripTime":-1,"minRoundTripTime":0,"lastUpdateTime":68975,"lastWriteDate":0,"error":{"errorLabelSet":{},"beforeHandshake":false},"topologyVersion":null,"setName":null,"setVersion":null,"electionId":null,"logicalSessionTimeoutMinutes":null,"maxMessageSizeBytes":null,"maxWriteBatchSize":null,"maxBsonObjectSize":null,"primary":null,"me":null,"$clusterTime":null,"iscryptd":false},"ac-3jujzy3-shard-00-00.usyahjg.mongodb.net:27017":{"address":"ac-3jujzy3-shard-00-00.usyahjg.mongodb.net:27017","type":"Unknown","hosts":[],"passives":[],"arbiters":[],"tags":{},"minWireVersion":0,"maxWireVersion":0,"roundTripTime":-1,"minRoundTripTime":0,"lastUpdateTime":68899,"lastWriteDate":0,"error":{"errorLabelSet":{},"beforeHandshake":false},"topologyVersion":null,"setName":null,"setVersion":null,"electionId":null,"logicalSessionTimeoutMinutes":null,"maxMessageSizeBytes":null,"maxWriteBatchSize":null,"maxBsonObjectSize":null,"primary":null,"me":null,"$clusterTime":null,"iscryptd":false}},"stale":false,"compatible":true,"heartbeatFrequencyMS":10000,"localThresholdMS":15,"setName":"atlas-n09wct-shard-0","maxElectionId":null,"maxSetVersion":null,"commonWireVersion":0,"logicalSessionTimeoutMinutes":null}}
MongooseServerSelectionError: Could not connect to any servers in your MongoDB Atlas cluster. One common reason is that you're trying to access the database from an IP that isn't whitelisted. Make sure your current IP address is on your Atlas cluster's IP whitelist: https://www.mongodb.com/docs/atlas/security-whitelist/
    at _handleConnectionErrors (D:\App_Live\node_modules\mongoose\lib\connection.js:1180:11)
    at NativeConnection.openUri (D:\App_Live\node_modules\mongoose\lib\connection.js:1111:11)
    at async connectMongoDB (D:\App_Live\src\config\database\mongodb.ts:26:5)
    at async startServer (D:\App_Live\src\server.ts:31:5)
2026-09-24 02:47:48 [ERROR]: MongoDB connection error: Could not connect to any servers in your MongoDB Atlas cluster. One common reason is that you're trying to access the database from an IP that isn't whitelisted. Make sure your current IP address is on your Atlas cluster's IP whitelist: https://www.mongodb.com/docs/atlas/security-whitelist/ {"errorLabelSet":{},"reason":{"type":"ReplicaSetNoPrimary","servers":{"ac-3jujzy3-shard-00-02.usyahjg.mongodb.net:27017":{"address":"ac-3jujzy3-shard-00-02.usyahjg.mongodb.net:27017","type":"Unknown","hosts":[],"passives":[],"arbiters":[],"tags":{},"minWireVersion":0,"maxWireVersion":0,"roundTripTime":-1,"minRoundTripTime":0,"lastUpdateTime":30926,"lastWriteDate":0,"error":{"errorLabelSet":{},"beforeHandshake":false},"topologyVersion":null,"setName":null,"setVersion":null,"electionId":null,"logicalSessionTimeoutMinutes":null,"maxMessageSizeBytes":null,"maxWriteBatchSize":null,"maxBsonObjectSize":null,"primary":null,"me":null,"$clusterTime":null,"iscryptd":false},"ac-3jujzy3-shard-00-01.usyahjg.mongodb.net:27017":{"address":"ac-3jujzy3-shard-00-01.usyahjg.mongodb.net:27017","type":"Unknown","hosts":[],"passives":[],"arbiters":[],"tags":{},"minWireVersion":0,"maxWireVersion":0,"roundTripTime":-1,"minRoundTripTime":0,"lastUpdateTime":30927,"lastWriteDate":0,"error":{"errorLabelSet":{},"beforeHandshake":false},"topologyVersion":null,"setName":null,"setVersion":null,"electionId":null,"logicalSessionTimeoutMinutes":null,"maxMessageSizeBytes":null,"maxWriteBatchSize":null,"maxBsonObjectSize":null,"primary":null,"me":null,"$clusterTime":null,"iscryptd":false},"ac-3jujzy3-shard-00-00.usyahjg.mongodb.net:27017":{"address":"ac-3jujzy3-shard-00-00.usyahjg.mongodb.net:27017","type":"Unknown","hosts":[],"passives":[],"arbiters":[],"tags":{},"minWireVersion":0,"maxWireVersion":0,"roundTripTime":-1,"minRoundTripTime":0,"lastUpdateTime":30928,"lastWriteDate":0,"error":{"errorLabelSet":{},"beforeHandshake":false},"topologyVersion":null,"setName":null,"setVersion":null,"electionId":null,"logicalSessionTimeoutMinutes":null,"maxMessageSizeBytes":null,"maxWriteBatchSize":null,"maxBsonObjectSize":null,"primary":null,"me":null,"$clusterTime":null,"iscryptd":false}},"stale":false,"compatible":true,"heartbeatFrequencyMS":10000,"localThresholdMS":15,"setName":"atlas-n09wct-shard-0","maxElectionId":null,"maxSetVersion":null,"commonWireVersion":0,"logicalSessionTimeoutMinutes":null},"cause":{"type":"ReplicaSetNoPrimary","servers":{"ac-3jujzy3-shard-00-02.usyahjg.mongodb.net:27017":{"address":"ac-3jujzy3-shard-00-02.usyahjg.mongodb.net:27017","type":"Unknown","hosts":[],"passives":[],"arbiters":[],"tags":{},"minWireVersion":0,"maxWireVersion":0,"roundTripTime":-1,"minRoundTripTime":0,"lastUpdateTime":30926,"lastWriteDate":0,"error":{"errorLabelSet":{},"beforeHandshake":false},"topologyVersion":null,"setName":null,"setVersion":null,"electionId":null,"logicalSessionTimeoutMinutes":null,"maxMessageSizeBytes":null,"maxWriteBatchSize":null,"maxBsonObjectSize":null,"primary":null,"me":null,"$clusterTime":null,"iscryptd":false},"ac-3jujzy3-shard-00-01.usyahjg.mongodb.net:27017":{"address":"ac-3jujzy3-shard-00-01.usyahjg.mongodb.net:27017","type":"Unknown","hosts":[],"passives":[],"arbiters":[],"tags":{},"minWireVersion":0,"maxWireVersion":0,"roundTripTime":-1,"minRoundTripTime":0,"lastUpdateTime":30927,"lastWriteDate":0,"error":{"errorLabelSet":{},"beforeHandshake":false},"topologyVersion":null,"setName":null,"setVersion":null,"electionId":null,"logicalSessionTimeoutMinutes":null,"maxMessageSizeBytes":null,"maxWriteBatchSize":null,"maxBsonObjectSize":null,"primary":null,"me":null,"$clusterTime":null,"iscryptd":false},"ac-3jujzy3-shard-00-00.usyahjg.mongodb.net:27017":{"address":"ac-3jujzy3-shard-00-00.usyahjg.mongodb.net:27017","type":"Unknown","hosts":[],"passives":[],"arbiters":[],"tags":{},"minWireVersion":0,"maxWireVersion":0,"roundTripTime":-1,"minRoundTripTime":0,"lastUpdateTime":30928,"lastWriteDate":0,"error":{"errorLabelSet":{},"beforeHandshake":false},"topologyVersion":null,"setName":null,"setVersion":null,"electionId":null,"logicalSessionTimeoutMinutes":null,"maxMessageSizeBytes":null,"maxWriteBatchSize":null,"maxBsonObjectSize":null,"primary":null,"me":null,"$clusterTime":null,"iscryptd":false}},"stale":false,"compatible":true,"heartbeatFrequencyMS":10000,"localThresholdMS":15,"setName":"atlas-n09wct-shard-0","maxElectionId":null,"maxSetVersion":null,"commonWireVersion":0,"logicalSessionTimeoutMinutes":null}}
MongooseServerSelectionError: Could not connect to any servers in your MongoDB Atlas cluster. One common reason is that you're trying to access the database from an IP that isn't whitelisted. Make sure your current IP address is on your Atlas cluster's IP whitelist: https://www.mongodb.com/docs/atlas/security-whitelist/
    at _handleConnectionErrors (D:\App_Live\node_modules\mongoose\lib\connection.js:1180:11)
    at NativeConnection.openUri (D:\App_Live\node_modules\mongoose\lib\connection.js:1111:11)
    at async connectMongoDB (D:\App_Live\src\config\database\mongodb.ts:26:5)
    at async startServer (D:\App_Live\src\server.ts:31:5)
2026-09-24 02:49:52 [ERROR]: Kafka connection error: SASL SCRAM SHA256 authentication failed: Authentication failed during authentication due to invalid credentials with SASL mechanism SCRAM-SHA-256 {"name":"KafkaJSSASLAuthenticationError","retriable":false}
KafkaJSSASLAuthenticationError: SASL SCRAM SHA256 authentication failed: Authentication failed during authentication due to invalid credentials with SASL mechanism SCRAM-SHA-256
    at SCRAM.authenticate (D:\App_Live\node_modules\kafkajs\src\broker\saslAuthenticator\scram.js:158:21)
    at process.processTicksAndRejections (node:internal/process/task_queues:105:5)
    at async Object.authenticate (D:\App_Live\node_modules\kafkajs\src\broker\saslAuthenticator\scram256.js:6:31)
    at async SASLAuthenticator.authenticate (D:\App_Live\node_modules\kafkajs\src\broker\saslAuthenticator\index.js:73:5)
    at async D:\App_Live\node_modules\kafkajs\src\network\connection.js:139:9
    at async Connection.authenticate (D:\App_Live\node_modules\kafkajs\src\network\connection.js:315:5)
    at async Broker.connect (D:\App_Live\node_modules\kafkajs\src\broker\index.js:111:7)
    at async D:\App_Live\node_modules\kafkajs\src\cluster\brokerPool.js:93:9
    at async D:\App_Live\node_modules\kafkajs\src\cluster\index.js:107:14
    at async Cluster.connect (D:\App_Live\node_modules\kafkajs\src\cluster\index.js:146:5)
2026-09-24 02:51:39 [ERROR]: Kafka connection error: SASL SCRAM SHA256 authentication failed: Authentication failed during authentication due to invalid credentials with SASL mechanism SCRAM-SHA-256 {"name":"KafkaJSSASLAuthenticationError","retriable":false}
KafkaJSSASLAuthenticationError: SASL SCRAM SHA256 authentication failed: Authentication failed during authentication due to invalid credentials with SASL mechanism SCRAM-SHA-256
    at SCRAM.authenticate (D:\App_Live\node_modules\kafkajs\src\broker\saslAuthenticator\scram.js:158:21)
    at process.processTicksAndRejections (node:internal/process/task_queues:105:5)
    at async Object.authenticate (D:\App_Live\node_modules\kafkajs\src\broker\saslAuthenticator\scram256.js:6:31)
    at async SASLAuthenticator.authenticate (D:\App_Live\node_modules\kafkajs\src\broker\saslAuthenticator\index.js:73:5)
    at async D:\App_Live\node_modules\kafkajs\src\network\connection.js:139:9
    at async Connection.authenticate (D:\App_Live\node_modules\kafkajs\src\network\connection.js:315:5)
    at async Broker.connect (D:\App_Live\node_modules\kafkajs\src\broker\index.js:111:7)
    at async D:\App_Live\node_modules\kafkajs\src\cluster\brokerPool.js:93:9
    at async D:\App_Live\node_modules\kafkajs\src\cluster\index.js:107:14
    at async Cluster.connect (D:\App_Live\node_modules\kafkajs\src\cluster\index.js:146:5)
2026-09-24 02:57:53 [ERROR]: Kafka connection error: SASL SCRAM SHA256 authentication failed: Authentication failed during authentication due to invalid credentials with SASL mechanism SCRAM-SHA-256 {"name":"KafkaJSSASLAuthenticationError","retriable":false}
KafkaJSSASLAuthenticationError: SASL SCRAM SHA256 authentication failed: Authentication failed during authentication due to invalid credentials with SASL mechanism SCRAM-SHA-256
    at SCRAM.authenticate (D:\App_Live\node_modules\kafkajs\src\broker\saslAuthenticator\scram.js:158:21)
    at process.processTicksAndRejections (node:internal/process/task_queues:105:5)
    at async Object.authenticate (D:\App_Live\node_modules\kafkajs\src\broker\saslAuthenticator\scram256.js:6:31)
    at async SASLAuthenticator.authenticate (D:\App_Live\node_modules\kafkajs\src\broker\saslAuthenticator\index.js:73:5)
    at async D:\App_Live\node_modules\kafkajs\src\network\connection.js:139:9
    at async Connection.authenticate (D:\App_Live\node_modules\kafkajs\src\network\connection.js:315:5)
    at async Broker.connect (D:\App_Live\node_modules\kafkajs\src\broker\index.js:111:7)
    at async D:\App_Live\node_modules\kafkajs\src\cluster\brokerPool.js:93:9
    at async D:\App_Live\node_modules\kafkajs\src\cluster\index.js:107:14
    at async Cluster.connect (D:\App_Live\node_modules\kafkajs\src\cluster\index.js:146:5)
2026-09-24 03:03:37 [ERROR]: Kafka connection error: SASL SCRAM SHA256 authentication failed: Authentication failed during authentication due to invalid credentials with SASL mechanism SCRAM-SHA-256 {"name":"KafkaJSSASLAuthenticationError","retriable":false}
KafkaJSSASLAuthenticationError: SASL SCRAM SHA256 authentication failed: Authentication failed during authentication due to invalid credentials with SASL mechanism SCRAM-SHA-256
    at SCRAM.authenticate (D:\App_Live\node_modules\kafkajs\src\broker\saslAuthenticator\scram.js:158:21)
    at process.processTicksAndRejections (node:internal/process/task_queues:105:5)
    at async Object.authenticate (D:\App_Live\node_modules\kafkajs\src\broker\saslAuthenticator\scram256.js:6:31)
    at async SASLAuthenticator.authenticate (D:\App_Live\node_modules\kafkajs\src\broker\saslAuthenticator\index.js:73:5)
    at async D:\App_Live\node_modules\kafkajs\src\network\connection.js:139:9
    at async Connection.authenticate (D:\App_Live\node_modules\kafkajs\src\network\connection.js:315:5)
    at async Broker.connect (D:\App_Live\node_modules\kafkajs\src\broker\index.js:111:7)
    at async D:\App_Live\node_modules\kafkajs\src\cluster\brokerPool.js:93:9
    at async D:\App_Live\node_modules\kafkajs\src\cluster\index.js:107:14
    at async Cluster.connect (D:\App_Live\node_modules\kafkajs\src\cluster\index.js:146:5)
2026-09-24 20:24:47 [ERROR]: MySQL query error: {"sql":"\n    CREATE TABLE IF NOT EXISTS users (\n      id VARCHAR(36) PRIMARY KEY,\n      username VARCHAR(50) UNIQUE NOT NULL,\n      email VARCHAR(255) UNIQUE NOT NULL,\n      password_hash VARCHAR(255) NOT NULL,\n      role ENUM('user', 'admin', 'streamer') DEFAULT 'user',\n      social_media_keys JSON,\n      is_active BOOLEAN DEFAULT TRUE,\n      last_login TIMESTAMP NULL,\n      created_at TIMESTAMP DEFAULT CURRENT_TIMESTAMP,\n      updated_at TIMESTAMP DEFAULT CURRENT_TIMESTAMP ON UPDATE CURRENT_TIMESTAMP,\n      INDEX idx_username (username),\n      INDEX idx_email (email),\n      INDEX idx_role (role)\n    )\n  ","error":{"code":"ER_TABLEACCESS_DENIED_ERROR","errno":1142,"sqlState":"42000","sqlMessage":"CREATE command denied to user '3zGXJnrbXLNbUa5.root'@'%' for table 'users'","sql":"\n    CREATE TABLE IF NOT EXISTS users (\n      id VARCHAR(36) PRIMARY KEY,\n      username VARCHAR(50) UNIQUE NOT NULL,\n      email VARCHAR(255) UNIQUE NOT NULL,\n      password_hash VARCHAR(255) NOT NULL,\n      role ENUM('user', 'admin', 'streamer') DEFAULT 'user',\n      social_media_keys JSON,\n      is_active BOOLEAN DEFAULT TRUE,\n      last_login TIMESTAMP NULL,\n      created_at TIMESTAMP DEFAULT CURRENT_TIMESTAMP,\n      updated_at TIMESTAMP DEFAULT CURRENT_TIMESTAMP ON UPDATE CURRENT_TIMESTAMP,\n      INDEX idx_username (username),\n      INDEX idx_email (email),\n      INDEX idx_role (role)\n    )\n  "}}
2026-09-24 20:33:58 [ERROR]: MySQL connection error (attempt 1/5): Access denied for user '3zGXJnrbXLNbUa5.ahmedw_2F7bYgUw@%'@'156.194.251.222' (using password: YES) {"code":"ER_ACCESS_DENIED_ERROR","errno":1045,"sqlState":"28000","sqlMessage":"Access denied for user '3zGXJnrbXLNbUa5.ahmedw_2F7bYgUw@%'@'156.194.251.222' (using password: YES)"}
Error: Access denied for user '3zGXJnrbXLNbUa5.ahmedw_2F7bYgUw@%'@'156.194.251.222' (using password: YES)
    at Packet.asError (D:\App_Live\node_modules\mysql2\lib\packets\packet.js:930:17)
    at ClientHandshake.execute (D:\App_Live\node_modules\mysql2\lib\commands\command.js:29:26)
    at PoolConnection.handlePacket (D:\App_Live\node_modules\mysql2\lib\base\connection.js:616:34)
    at PacketParser.onPacket (D:\App_Live\node_modules\mysql2\lib\base\connection.js:148:12)
    at PacketParser.executeStart (D:\App_Live\node_modules\mysql2\lib\packet_parser.js:86:16)
    at TLSSocket.<anonymous> (D:\App_Live\node_modules\mysql2\lib\base\connection.js:501:25)
    at TLSSocket.emit (node:events:519:28)
    at addChunk (node:internal/streams/readable:561:12)
    at readableAddChunkPushByteMode (node:internal/streams/readable:512:3)
    at Readable.push (node:internal/streams/readable:392:5)
2026-09-24 20:34:01 [ERROR]: MySQL connection error (attempt 2/5): Access denied for user '3zGXJnrbXLNbUa5.ahmedw_2F7bYgUw@%'@'156.194.251.222' (using password: YES) {"code":"ER_ACCESS_DENIED_ERROR","errno":1045,"sqlState":"28000","sqlMessage":"Access denied for user '3zGXJnrbXLNbUa5.ahmedw_2F7bYgUw@%'@'156.194.251.222' (using password: YES)"}
Error: Access denied for user '3zGXJnrbXLNbUa5.ahmedw_2F7bYgUw@%'@'156.194.251.222' (using password: YES)
    at Packet.asError (D:\App_Live\node_modules\mysql2\lib\packets\packet.js:930:17)
    at ClientHandshake.execute (D:\App_Live\node_modules\mysql2\lib\commands\command.js:29:26)
    at PoolConnection.handlePacket (D:\App_Live\node_modules\mysql2\lib\base\connection.js:616:34)
    at PacketParser.onPacket (D:\App_Live\node_modules\mysql2\lib\base\connection.js:148:12)
    at PacketParser.executeStart (D:\App_Live\node_modules\mysql2\lib\packet_parser.js:86:16)
    at TLSSocket.<anonymous> (D:\App_Live\node_modules\mysql2\lib\base\connection.js:501:25)
    at TLSSocket.emit (node:events:519:28)
    at addChunk (node:internal/streams/readable:561:12)
    at readableAddChunkPushByteMode (node:internal/streams/readable:512:3)
    at Readable.push (node:internal/streams/readable:392:5)
2026-09-24 20:34:05 [ERROR]: MySQL connection error (attempt 3/5): Access denied for user '3zGXJnrbXLNbUa5.ahmedw_2F7bYgUw@%'@'156.194.251.222' (using password: YES) {"code":"ER_ACCESS_DENIED_ERROR","errno":1045,"sqlState":"28000","sqlMessage":"Access denied for user '3zGXJnrbXLNbUa5.ahmedw_2F7bYgUw@%'@'156.194.251.222' (using password: YES)"}
Error: Access denied for user '3zGXJnrbXLNbUa5.ahmedw_2F7bYgUw@%'@'156.194.251.222' (using password: YES)
    at Packet.asError (D:\App_Live\node_modules\mysql2\lib\packets\packet.js:930:17)
    at ClientHandshake.execute (D:\App_Live\node_modules\mysql2\lib\commands\command.js:29:26)
    at PoolConnection.handlePacket (D:\App_Live\node_modules\mysql2\lib\base\connection.js:616:34)
    at PacketParser.onPacket (D:\App_Live\node_modules\mysql2\lib\base\connection.js:148:12)
    at PacketParser.executeStart (D:\App_Live\node_modules\mysql2\lib\packet_parser.js:86:16)
    at TLSSocket.<anonymous> (D:\App_Live\node_modules\mysql2\lib\base\connection.js:501:25)
    at TLSSocket.emit (node:events:519:28)
    at addChunk (node:internal/streams/readable:561:12)
    at readableAddChunkPushByteMode (node:internal/streams/readable:512:3)
    at Readable.push (node:internal/streams/readable:392:5)
2026-09-24 20:34:12 [ERROR]: MySQL connection error (attempt 4/5): Access denied for user '3zGXJnrbXLNbUa5.ahmedw_2F7bYgUw@%'@'156.194.251.222' (using password: YES) {"code":"ER_ACCESS_DENIED_ERROR","errno":1045,"sqlState":"28000","sqlMessage":"Access denied for user '3zGXJnrbXLNbUa5.ahmedw_2F7bYgUw@%'@'156.194.251.222' (using password: YES)"}
Error: Access denied for user '3zGXJnrbXLNbUa5.ahmedw_2F7bYgUw@%'@'156.194.251.222' (using password: YES)
    at Packet.asError (D:\App_Live\node_modules\mysql2\lib\packets\packet.js:930:17)
    at ClientHandshake.execute (D:\App_Live\node_modules\mysql2\lib\commands\command.js:29:26)
    at PoolConnection.handlePacket (D:\App_Live\node_modules\mysql2\lib\base\connection.js:616:34)
    at PacketParser.onPacket (D:\App_Live\node_modules\mysql2\lib\base\connection.js:148:12)
    at PacketParser.executeStart (D:\App_Live\node_modules\mysql2\lib\packet_parser.js:86:16)
    at TLSSocket.<anonymous> (D:\App_Live\node_modules\mysql2\lib\base\connection.js:501:25)
    at TLSSocket.emit (node:events:519:28)
    at addChunk (node:internal/streams/readable:561:12)
    at readableAddChunkPushByteMode (node:internal/streams/readable:512:3)
    at Readable.push (node:internal/streams/readable:392:5)
2026-09-24 20:34:20 [ERROR]: MySQL connection error (attempt 5/5): Access denied for user '3zGXJnrbXLNbUa5.ahmedw_2F7bYgUw@%'@'156.194.251.222' (using password: YES) {"code":"ER_ACCESS_DENIED_ERROR","errno":1045,"sqlState":"28000","sqlMessage":"Access denied for user '3zGXJnrbXLNbUa5.ahmedw_2F7bYgUw@%'@'156.194.251.222' (using password: YES)"}
Error: Access denied for user '3zGXJnrbXLNbUa5.ahmedw_2F7bYgUw@%'@'156.194.251.222' (using password: YES)
    at Packet.asError (D:\App_Live\node_modules\mysql2\lib\packets\packet.js:930:17)
    at ClientHandshake.execute (D:\App_Live\node_modules\mysql2\lib\commands\command.js:29:26)
    at PoolConnection.handlePacket (D:\App_Live\node_modules\mysql2\lib\base\connection.js:616:34)
    at PacketParser.onPacket (D:\App_Live\node_modules\mysql2\lib\base\connection.js:148:12)
    at PacketParser.executeStart (D:\App_Live\node_modules\mysql2\lib\packet_parser.js:86:16)
    at TLSSocket.<anonymous> (D:\App_Live\node_modules\mysql2\lib\base\connection.js:501:25)
    at TLSSocket.emit (node:events:519:28)
    at addChunk (node:internal/streams/readable:561:12)
    at readableAddChunkPushByteMode (node:internal/streams/readable:512:3)
    at Readable.push (node:internal/streams/readable:392:5)
2026-09-24 20:36:37 [ERROR]: MySQL connection error (attempt 1/5): Server requested authentication using mysql_clear_password, which sends the password in plaintext over the network and is disabled by default. To enable it, set the `enableCleartextPlugin` option to `true` in your connection configuration, or provide a custom `mysql_clear_password` auth plugin via the `authPlugins` option. Only use this over a secure connection (TLS/SSL). {"code":"MYSQL_CLEAR_PASSWORD_NOT_ENABLED","fatal":true}
Error: Server requested authentication using mysql_clear_password, which sends the password in plaintext over the network and is disabled by default. To enable it, set the `enableCleartextPlugin` option to `true` in your connection configuration, or provide a custom `mysql_clear_password` auth plugin via the `authPlugins` option. Only use this over a secure connection (TLS/SSL).
    at Object.authSwitchRequest (D:\App_Live\node_modules\mysql2\lib\commands\auth_switch.js:83:19)
    at ClientHandshake.handshakeResult (D:\App_Live\node_modules\mysql2\lib\commands\client_handshake.js:364:22)
    at ClientHandshake.execute (D:\App_Live\node_modules\mysql2\lib\commands\command.js:45:22)
    at PoolConnection.handlePacket (D:\App_Live\node_modules\mysql2\lib\base\connection.js:616:34)
    at PacketParser.onPacket (D:\App_Live\node_modules\mysql2\lib\base\connection.js:148:12)
    at PacketParser.executeStart (D:\App_Live\node_modules\mysql2\lib\packet_parser.js:86:16)
    at TLSSocket.<anonymous> (D:\App_Live\node_modules\mysql2\lib\base\connection.js:501:25)
    at TLSSocket.emit (node:events:519:28)
    at addChunk (node:internal/streams/readable:561:12)
    at readableAddChunkPushByteMode (node:internal/streams/readable:512:3)
2026-09-24 20:36:39 [ERROR]: MySQL connection error (attempt 2/5): Server requested authentication using mysql_clear_password, which sends the password in plaintext over the network and is disabled by default. To enable it, set the `enableCleartextPlugin` option to `true` in your connection configuration, or provide a custom `mysql_clear_password` auth plugin via the `authPlugins` option. Only use this over a secure connection (TLS/SSL). {"code":"MYSQL_CLEAR_PASSWORD_NOT_ENABLED","fatal":true}
Error: Server requested authentication using mysql_clear_password, which sends the password in plaintext over the network and is disabled by default. To enable it, set the `enableCleartextPlugin` option to `true` in your connection configuration, or provide a custom `mysql_clear_password` auth plugin via the `authPlugins` option. Only use this over a secure connection (TLS/SSL).
    at Object.authSwitchRequest (D:\App_Live\node_modules\mysql2\lib\commands\auth_switch.js:83:19)
    at ClientHandshake.handshakeResult (D:\App_Live\node_modules\mysql2\lib\commands\client_handshake.js:364:22)
    at ClientHandshake.execute (D:\App_Live\node_modules\mysql2\lib\commands\command.js:45:22)
    at PoolConnection.handlePacket (D:\App_Live\node_modules\mysql2\lib\base\connection.js:616:34)
    at PacketParser.onPacket (D:\App_Live\node_modules\mysql2\lib\base\connection.js:148:12)
    at PacketParser.executeStart (D:\App_Live\node_modules\mysql2\lib\packet_parser.js:86:16)
    at TLSSocket.<anonymous> (D:\App_Live\node_modules\mysql2\lib\base\connection.js:501:25)
    at TLSSocket.emit (node:events:519:28)
    at addChunk (node:internal/streams/readable:561:12)
    at readableAddChunkPushByteMode (node:internal/streams/readable:512:3)
2026-09-24 20:36:44 [ERROR]: MySQL connection error (attempt 3/5): Server requested authentication using mysql_clear_password, which sends the password in plaintext over the network and is disabled by default. To enable it, set the `enableCleartextPlugin` option to `true` in your connection configuration, or provide a custom `mysql_clear_password` auth plugin via the `authPlugins` option. Only use this over a secure connection (TLS/SSL). {"code":"MYSQL_CLEAR_PASSWORD_NOT_ENABLED","fatal":true}
Error: Server requested authentication using mysql_clear_password, which sends the password in plaintext over the network and is disabled by default. To enable it, set the `enableCleartextPlugin` option to `true` in your connection configuration, or provide a custom `mysql_clear_password` auth plugin via the `authPlugins` option. Only use this over a secure connection (TLS/SSL).
    at Object.authSwitchRequest (D:\App_Live\node_modules\mysql2\lib\commands\auth_switch.js:83:19)
    at ClientHandshake.handshakeResult (D:\App_Live\node_modules\mysql2\lib\commands\client_handshake.js:364:22)
    at ClientHandshake.execute (D:\App_Live\node_modules\mysql2\lib\commands\command.js:45:22)
    at PoolConnection.handlePacket (D:\App_Live\node_modules\mysql2\lib\base\connection.js:616:34)
    at PacketParser.onPacket (D:\App_Live\node_modules\mysql2\lib\base\connection.js:148:12)
    at PacketParser.executeStart (D:\App_Live\node_modules\mysql2\lib\packet_parser.js:86:16)
    at TLSSocket.<anonymous> (D:\App_Live\node_modules\mysql2\lib\base\connection.js:501:25)
    at TLSSocket.emit (node:events:519:28)
    at addChunk (node:internal/streams/readable:561:12)
    at readableAddChunkPushByteMode (node:internal/streams/readable:512:3)
2026-09-24 20:36:50 [ERROR]: MySQL connection error (attempt 4/5): Server requested authentication using mysql_clear_password, which sends the password in plaintext over the network and is disabled by default. To enable it, set the `enableCleartextPlugin` option to `true` in your connection configuration, or provide a custom `mysql_clear_password` auth plugin via the `authPlugins` option. Only use this over a secure connection (TLS/SSL). {"code":"MYSQL_CLEAR_PASSWORD_NOT_ENABLED","fatal":true}
Error: Server requested authentication using mysql_clear_password, which sends the password in plaintext over the network and is disabled by default. To enable it, set the `enableCleartextPlugin` option to `true` in your connection configuration, or provide a custom `mysql_clear_password` auth plugin via the `authPlugins` option. Only use this over a secure connection (TLS/SSL).
    at Object.authSwitchRequest (D:\App_Live\node_modules\mysql2\lib\commands\auth_switch.js:83:19)
    at ClientHandshake.handshakeResult (D:\App_Live\node_modules\mysql2\lib\commands\client_handshake.js:364:22)
    at ClientHandshake.execute (D:\App_Live\node_modules\mysql2\lib\commands\command.js:45:22)
    at PoolConnection.handlePacket (D:\App_Live\node_modules\mysql2\lib\base\connection.js:616:34)
    at PacketParser.onPacket (D:\App_Live\node_modules\mysql2\lib\base\connection.js:148:12)
    at PacketParser.executeStart (D:\App_Live\node_modules\mysql2\lib\packet_parser.js:86:16)
    at TLSSocket.<anonymous> (D:\App_Live\node_modules\mysql2\lib\base\connection.js:501:25)
    at TLSSocket.emit (node:events:519:28)
    at addChunk (node:internal/streams/readable:561:12)
    at readableAddChunkPushByteMode (node:internal/streams/readable:512:3)
2026-09-24 20:36:58 [ERROR]: MySQL connection error (attempt 5/5): Server requested authentication using mysql_clear_password, which sends the password in plaintext over the network and is disabled by default. To enable it, set the `enableCleartextPlugin` option to `true` in your connection configuration, or provide a custom `mysql_clear_password` auth plugin via the `authPlugins` option. Only use this over a secure connection (TLS/SSL). {"code":"MYSQL_CLEAR_PASSWORD_NOT_ENABLED","fatal":true}
Error: Server requested authentication using mysql_clear_password, which sends the password in plaintext over the network and is disabled by default. To enable it, set the `enableCleartextPlugin` option to `true` in your connection configuration, or provide a custom `mysql_clear_password` auth plugin via the `authPlugins` option. Only use this over a secure connection (TLS/SSL).
    at Object.authSwitchRequest (D:\App_Live\node_modules\mysql2\lib\commands\auth_switch.js:83:19)
    at ClientHandshake.handshakeResult (D:\App_Live\node_modules\mysql2\lib\commands\client_handshake.js:364:22)
    at ClientHandshake.execute (D:\App_Live\node_modules\mysql2\lib\commands\command.js:45:22)
    at PoolConnection.handlePacket (D:\App_Live\node_modules\mysql2\lib\base\connection.js:616:34)
    at PacketParser.onPacket (D:\App_Live\node_modules\mysql2\lib\base\connection.js:148:12)
    at PacketParser.executeStart (D:\App_Live\node_modules\mysql2\lib\packet_parser.js:86:16)
    at TLSSocket.<anonymous> (D:\App_Live\node_modules\mysql2\lib\base\connection.js:501:25)
    at TLSSocket.emit (node:events:519:28)
    at addChunk (node:internal/streams/readable:561:12)
    at readableAddChunkPushByteMode (node:internal/streams/readable:512:3)
2026-09-24 20:39:26 [ERROR]: MySQL connection error (attempt 1/5): Access denied for user '3zGXJnrbXLNbUa5.ahmedw_2F7bYgUw'@'156.194.251.222' (using password: YES) {"code":"ER_ACCESS_DENIED_ERROR","errno":1045,"sqlState":"28000","sqlMessage":"Access denied for user '3zGXJnrbXLNbUa5.ahmedw_2F7bYgUw'@'156.194.251.222' (using password: YES)"}
Error: Access denied for user '3zGXJnrbXLNbUa5.ahmedw_2F7bYgUw'@'156.194.251.222' (using password: YES)
    at Packet.asError (D:\App_Live\node_modules\mysql2\lib\packets\packet.js:930:17)
    at ClientHandshake.execute (D:\App_Live\node_modules\mysql2\lib\commands\command.js:29:26)
    at PoolConnection.handlePacket (D:\App_Live\node_modules\mysql2\lib\base\connection.js:616:34)
    at PacketParser.onPacket (D:\App_Live\node_modules\mysql2\lib\base\connection.js:148:12)
    at PacketParser.executeStart (D:\App_Live\node_modules\mysql2\lib\packet_parser.js:86:16)
    at TLSSocket.<anonymous> (D:\App_Live\node_modules\mysql2\lib\base\connection.js:501:25)
    at TLSSocket.emit (node:events:519:28)
    at addChunk (node:internal/streams/readable:561:12)
    at readableAddChunkPushByteMode (node:internal/streams/readable:512:3)
    at Readable.push (node:internal/streams/readable:392:5)
2026-09-24 20:39:29 [ERROR]: MySQL connection error (attempt 2/5): Access denied for user '3zGXJnrbXLNbUa5.ahmedw_2F7bYgUw'@'156.194.251.222' (using password: YES) {"code":"ER_ACCESS_DENIED_ERROR","errno":1045,"sqlState":"28000","sqlMessage":"Access denied for user '3zGXJnrbXLNbUa5.ahmedw_2F7bYgUw'@'156.194.251.222' (using password: YES)"}
Error: Access denied for user '3zGXJnrbXLNbUa5.ahmedw_2F7bYgUw'@'156.194.251.222' (using password: YES)
    at Packet.asError (D:\App_Live\node_modules\mysql2\lib\packets\packet.js:930:17)
    at ClientHandshake.execute (D:\App_Live\node_modules\mysql2\lib\commands\command.js:29:26)
    at PoolConnection.handlePacket (D:\App_Live\node_modules\mysql2\lib\base\connection.js:616:34)
    at PacketParser.onPacket (D:\App_Live\node_modules\mysql2\lib\base\connection.js:148:12)
    at PacketParser.executeStart (D:\App_Live\node_modules\mysql2\lib\packet_parser.js:86:16)
    at TLSSocket.<anonymous> (D:\App_Live\node_modules\mysql2\lib\base\connection.js:501:25)
    at TLSSocket.emit (node:events:519:28)
    at addChunk (node:internal/streams/readable:561:12)
    at readableAddChunkPushByteMode (node:internal/streams/readable:512:3)
    at Readable.push (node:internal/streams/readable:392:5)
2026-09-24 20:39:34 [ERROR]: MySQL connection error (attempt 3/5): Access denied for user '3zGXJnrbXLNbUa5.ahmedw_2F7bYgUw'@'156.194.251.222' (using password: YES) {"code":"ER_ACCESS_DENIED_ERROR","errno":1045,"sqlState":"28000","sqlMessage":"Access denied for user '3zGXJnrbXLNbUa5.ahmedw_2F7bYgUw'@'156.194.251.222' (using password: YES)"}
Error: Access denied for user '3zGXJnrbXLNbUa5.ahmedw_2F7bYgUw'@'156.194.251.222' (using password: YES)
    at Packet.asError (D:\App_Live\node_modules\mysql2\lib\packets\packet.js:930:17)
    at ClientHandshake.execute (D:\App_Live\node_modules\mysql2\lib\commands\command.js:29:26)
    at PoolConnection.handlePacket (D:\App_Live\node_modules\mysql2\lib\base\connection.js:616:34)
    at PacketParser.onPacket (D:\App_Live\node_modules\mysql2\lib\base\connection.js:148:12)
    at PacketParser.executeStart (D:\App_Live\node_modules\mysql2\lib\packet_parser.js:86:16)
    at TLSSocket.<anonymous> (D:\App_Live\node_modules\mysql2\lib\base\connection.js:501:25)
    at TLSSocket.emit (node:events:519:28)
    at addChunk (node:internal/streams/readable:561:12)
    at readableAddChunkPushByteMode (node:internal/streams/readable:512:3)
    at Readable.push (node:internal/streams/readable:392:5)
2026-09-24 20:39:40 [ERROR]: MySQL connection error (attempt 4/5): Access denied for user '3zGXJnrbXLNbUa5.ahmedw_2F7bYgUw'@'156.194.251.222' (using password: YES) {"code":"ER_ACCESS_DENIED_ERROR","errno":1045,"sqlState":"28000","sqlMessage":"Access denied for user '3zGXJnrbXLNbUa5.ahmedw_2F7bYgUw'@'156.194.251.222' (using password: YES)"}
Error: Access denied for user '3zGXJnrbXLNbUa5.ahmedw_2F7bYgUw'@'156.194.251.222' (using password: YES)
    at Packet.asError (D:\App_Live\node_modules\mysql2\lib\packets\packet.js:930:17)
    at ClientHandshake.execute (D:\App_Live\node_modules\mysql2\lib\commands\command.js:29:26)
    at PoolConnection.handlePacket (D:\App_Live\node_modules\mysql2\lib\base\connection.js:616:34)
    at PacketParser.onPacket (D:\App_Live\node_modules\mysql2\lib\base\connection.js:148:12)
    at PacketParser.executeStart (D:\App_Live\node_modules\mysql2\lib\packet_parser.js:86:16)
    at TLSSocket.<anonymous> (D:\App_Live\node_modules\mysql2\lib\base\connection.js:501:25)
    at TLSSocket.emit (node:events:519:28)
    at addChunk (node:internal/streams/readable:561:12)
    at readableAddChunkPushByteMode (node:internal/streams/readable:512:3)
    at Readable.push (node:internal/streams/readable:392:5)
2026-09-24 20:39:49 [ERROR]: MySQL connection error (attempt 5/5): Access denied for user '3zGXJnrbXLNbUa5.ahmedw_2F7bYgUw'@'156.194.251.222' (using password: YES) {"code":"ER_ACCESS_DENIED_ERROR","errno":1045,"sqlState":"28000","sqlMessage":"Access denied for user '3zGXJnrbXLNbUa5.ahmedw_2F7bYgUw'@'156.194.251.222' (using password: YES)"}
Error: Access denied for user '3zGXJnrbXLNbUa5.ahmedw_2F7bYgUw'@'156.194.251.222' (using password: YES)
    at Packet.asError (D:\App_Live\node_modules\mysql2\lib\packets\packet.js:930:17)
    at ClientHandshake.execute (D:\App_Live\node_modules\mysql2\lib\commands\command.js:29:26)
    at PoolConnection.handlePacket (D:\App_Live\node_modules\mysql2\lib\base\connection.js:616:34)
    at PacketParser.onPacket (D:\App_Live\node_modules\mysql2\lib\base\connection.js:148:12)
    at PacketParser.executeStart (D:\App_Live\node_modules\mysql2\lib\packet_parser.js:86:16)
    at TLSSocket.<anonymous> (D:\App_Live\node_modules\mysql2\lib\base\connection.js:501:25)
    at TLSSocket.emit (node:events:519:28)
    at addChunk (node:internal/streams/readable:561:12)
    at readableAddChunkPushByteMode (node:internal/streams/readable:512:3)
    at Readable.push (node:internal/streams/readable:392:5)
2026-09-24 20:41:26 [ERROR]: MySQL query error: {"sql":"\n    CREATE TABLE IF NOT EXISTS users (\n      id VARCHAR(36) PRIMARY KEY,\n      username VARCHAR(50) UNIQUE NOT NULL,\n      email VARCHAR(255) UNIQUE NOT NULL,\n      password_hash VARCHAR(255) NOT NULL,\n      role ENUM('user', 'admin', 'streamer') DEFAULT 'user',\n      social_media_keys JSON,\n      is_active BOOLEAN DEFAULT TRUE,\n      last_login TIMESTAMP NULL,\n      created_at TIMESTAMP DEFAULT CURRENT_TIMESTAMP,\n      updated_at TIMESTAMP DEFAULT CURRENT_TIMESTAMP ON UPDATE CURRENT_TIMESTAMP,\n      INDEX idx_username (username),\n      INDEX idx_email (email),\n      INDEX idx_role (role)\n    )\n  ","error":{"code":"ER_TABLEACCESS_DENIED_ERROR","errno":1142,"sqlState":"42000","sqlMessage":"CREATE command denied to user '3zGXJnrbXLNbUa5.root'@'%' for table 'users'","sql":"\n    CREATE TABLE IF NOT EXISTS users (\n      id VARCHAR(36) PRIMARY KEY,\n      username VARCHAR(50) UNIQUE NOT NULL,\n      email VARCHAR(255) UNIQUE NOT NULL,\n      password_hash VARCHAR(255) NOT NULL,\n      role ENUM('user', 'admin', 'streamer') DEFAULT 'user',\n      social_media_keys JSON,\n      is_active BOOLEAN DEFAULT TRUE,\n      last_login TIMESTAMP NULL,\n      created_at TIMESTAMP DEFAULT CURRENT_TIMESTAMP,\n      updated_at TIMESTAMP DEFAULT CURRENT_TIMESTAMP ON UPDATE CURRENT_TIMESTAMP,\n      INDEX idx_username (username),\n      INDEX idx_email (email),\n      INDEX idx_role (role)\n    )\n  "}}
2026-09-24 20:44:54 [ERROR]: MySQL connection error (attempt 1/5): Unknown database 'applive' {"code":"ER_BAD_DB_ERROR","errno":1049,"sqlState":"42000","sqlMessage":"Unknown database 'applive'"}
Error: Unknown database 'applive'
    at Packet.asError (D:\App_Live\node_modules\mysql2\lib\packets\packet.js:930:17)
    at ClientHandshake.execute (D:\App_Live\node_modules\mysql2\lib\commands\command.js:29:26)
    at PoolConnection.handlePacket (D:\App_Live\node_modules\mysql2\lib\base\connection.js:616:34)
    at PacketParser.onPacket (D:\App_Live\node_modules\mysql2\lib\base\connection.js:148:12)
    at PacketParser.executeStart (D:\App_Live\node_modules\mysql2\lib\packet_parser.js:86:16)
    at TLSSocket.<anonymous> (D:\App_Live\node_modules\mysql2\lib\base\connection.js:501:25)
    at TLSSocket.emit (node:events:519:28)
    at addChunk (node:internal/streams/readable:561:12)
    at readableAddChunkPushByteMode (node:internal/streams/readable:512:3)
    at Readable.push (node:internal/streams/readable:392:5)
2026-09-24 20:44:56 [ERROR]: MySQL connection error (attempt 2/5): Unknown database 'applive' {"code":"ER_BAD_DB_ERROR","errno":1049,"sqlState":"42000","sqlMessage":"Unknown database 'applive'"}
Error: Unknown database 'applive'
    at Packet.asError (D:\App_Live\node_modules\mysql2\lib\packets\packet.js:930:17)
    at ClientHandshake.execute (D:\App_Live\node_modules\mysql2\lib\commands\command.js:29:26)
    at PoolConnection.handlePacket (D:\App_Live\node_modules\mysql2\lib\base\connection.js:616:34)
    at PacketParser.onPacket (D:\App_Live\node_modules\mysql2\lib\base\connection.js:148:12)
    at PacketParser.executeStart (D:\App_Live\node_modules\mysql2\lib\packet_parser.js:86:16)
    at TLSSocket.<anonymous> (D:\App_Live\node_modules\mysql2\lib\base\connection.js:501:25)
    at TLSSocket.emit (node:events:519:28)
    at addChunk (node:internal/streams/readable:561:12)
    at readableAddChunkPushByteMode (node:internal/streams/readable:512:3)
    at Readable.push (node:internal/streams/readable:392:5)
2026-09-24 20:45:01 [ERROR]: MySQL connection error (attempt 3/5): Unknown database 'applive' {"code":"ER_BAD_DB_ERROR","errno":1049,"sqlState":"42000","sqlMessage":"Unknown database 'applive'"}
Error: Unknown database 'applive'
    at Packet.asError (D:\App_Live\node_modules\mysql2\lib\packets\packet.js:930:17)
    at ClientHandshake.execute (D:\App_Live\node_modules\mysql2\lib\commands\command.js:29:26)
    at PoolConnection.handlePacket (D:\App_Live\node_modules\mysql2\lib\base\connection.js:616:34)
    at PacketParser.onPacket (D:\App_Live\node_modules\mysql2\lib\base\connection.js:148:12)
    at PacketParser.executeStart (D:\App_Live\node_modules\mysql2\lib\packet_parser.js:86:16)
    at TLSSocket.<anonymous> (D:\App_Live\node_modules\mysql2\lib\base\connection.js:501:25)
    at TLSSocket.emit (node:events:519:28)
    at addChunk (node:internal/streams/readable:561:12)
    at readableAddChunkPushByteMode (node:internal/streams/readable:512:3)
    at Readable.push (node:internal/streams/readable:392:5)
2026-09-24 20:45:07 [ERROR]: MySQL connection error (attempt 4/5): Unknown database 'applive' {"code":"ER_BAD_DB_ERROR","errno":1049,"sqlState":"42000","sqlMessage":"Unknown database 'applive'"}
Error: Unknown database 'applive'
    at Packet.asError (D:\App_Live\node_modules\mysql2\lib\packets\packet.js:930:17)
    at ClientHandshake.execute (D:\App_Live\node_modules\mysql2\lib\commands\command.js:29:26)
    at PoolConnection.handlePacket (D:\App_Live\node_modules\mysql2\lib\base\connection.js:616:34)
    at PacketParser.onPacket (D:\App_Live\node_modules\mysql2\lib\base\connection.js:148:12)
    at PacketParser.executeStart (D:\App_Live\node_modules\mysql2\lib\packet_parser.js:86:16)
    at TLSSocket.<anonymous> (D:\App_Live\node_modules\mysql2\lib\base\connection.js:501:25)
    at TLSSocket.emit (node:events:519:28)
    at addChunk (node:internal/streams/readable:561:12)
    at readableAddChunkPushByteMode (node:internal/streams/readable:512:3)
    at Readable.push (node:internal/streams/readable:392:5)
2026-09-24 20:45:16 [ERROR]: MySQL connection error (attempt 5/5): Unknown database 'applive' {"code":"ER_BAD_DB_ERROR","errno":1049,"sqlState":"42000","sqlMessage":"Unknown database 'applive'"}
Error: Unknown database 'applive'
    at Packet.asError (D:\App_Live\node_modules\mysql2\lib\packets\packet.js:930:17)
    at ClientHandshake.execute (D:\App_Live\node_modules\mysql2\lib\commands\command.js:29:26)
    at PoolConnection.handlePacket (D:\App_Live\node_modules\mysql2\lib\base\connection.js:616:34)
    at PacketParser.onPacket (D:\App_Live\node_modules\mysql2\lib\base\connection.js:148:12)
    at PacketParser.executeStart (D:\App_Live\node_modules\mysql2\lib\packet_parser.js:86:16)
    at TLSSocket.<anonymous> (D:\App_Live\node_modules\mysql2\lib\base\connection.js:501:25)
    at TLSSocket.emit (node:events:519:28)
    at addChunk (node:internal/streams/readable:561:12)
    at readableAddChunkPushByteMode (node:internal/streams/readable:512:3)
    at Readable.push (node:internal/streams/readable:392:5)
2026-09-24 20:45:36 [ERROR]: MySQL connection error (attempt 1/5): Unknown database 'applive' {"code":"ER_BAD_DB_ERROR","errno":1049,"sqlState":"42000","sqlMessage":"Unknown database 'applive'"}
Error: Unknown database 'applive'
    at Packet.asError (D:\App_Live\node_modules\mysql2\lib\packets\packet.js:930:17)
    at ClientHandshake.execute (D:\App_Live\node_modules\mysql2\lib\commands\command.js:29:26)
    at PoolConnection.handlePacket (D:\App_Live\node_modules\mysql2\lib\base\connection.js:616:34)
    at PacketParser.onPacket (D:\App_Live\node_modules\mysql2\lib\base\connection.js:148:12)
    at PacketParser.executeStart (D:\App_Live\node_modules\mysql2\lib\packet_parser.js:86:16)
    at TLSSocket.<anonymous> (D:\App_Live\node_modules\mysql2\lib\base\connection.js:501:25)
    at TLSSocket.emit (node:events:519:28)
    at addChunk (node:internal/streams/readable:561:12)
    at readableAddChunkPushByteMode (node:internal/streams/readable:512:3)
    at Readable.push (node:internal/streams/readable:392:5)
2026-09-24 20:45:39 [ERROR]: MySQL connection error (attempt 2/5): Unknown database 'applive' {"code":"ER_BAD_DB_ERROR","errno":1049,"sqlState":"42000","sqlMessage":"Unknown database 'applive'"}
Error: Unknown database 'applive'
    at Packet.asError (D:\App_Live\node_modules\mysql2\lib\packets\packet.js:930:17)
    at ClientHandshake.execute (D:\App_Live\node_modules\mysql2\lib\commands\command.js:29:26)
    at PoolConnection.handlePacket (D:\App_Live\node_modules\mysql2\lib\base\connection.js:616:34)
    at PacketParser.onPacket (D:\App_Live\node_modules\mysql2\lib\base\connection.js:148:12)
    at PacketParser.executeStart (D:\App_Live\node_modules\mysql2\lib\packet_parser.js:86:16)
    at TLSSocket.<anonymous> (D:\App_Live\node_modules\mysql2\lib\base\connection.js:501:25)
    at TLSSocket.emit (node:events:519:28)
    at addChunk (node:internal/streams/readable:561:12)
    at readableAddChunkPushByteMode (node:internal/streams/readable:512:3)
    at Readable.push (node:internal/streams/readable:392:5)
2026-09-24 20:45:43 [ERROR]: MySQL connection error (attempt 3/5): Unknown database 'applive' {"code":"ER_BAD_DB_ERROR","errno":1049,"sqlState":"42000","sqlMessage":"Unknown database 'applive'"}
Error: Unknown database 'applive'
    at Packet.asError (D:\App_Live\node_modules\mysql2\lib\packets\packet.js:930:17)
    at ClientHandshake.execute (D:\App_Live\node_modules\mysql2\lib\commands\command.js:29:26)
    at PoolConnection.handlePacket (D:\App_Live\node_modules\mysql2\lib\base\connection.js:616:34)
    at PacketParser.onPacket (D:\App_Live\node_modules\mysql2\lib\base\connection.js:148:12)
    at PacketParser.executeStart (D:\App_Live\node_modules\mysql2\lib\packet_parser.js:86:16)
    at TLSSocket.<anonymous> (D:\App_Live\node_modules\mysql2\lib\base\connection.js:501:25)
    at TLSSocket.emit (node:events:519:28)
    at addChunk (node:internal/streams/readable:561:12)
    at readableAddChunkPushByteMode (node:internal/streams/readable:512:3)
    at Readable.push (node:internal/streams/readable:392:5)
2026-09-24 20:45:49 [ERROR]: MySQL connection error (attempt 4/5): Unknown database 'applive' {"code":"ER_BAD_DB_ERROR","errno":1049,"sqlState":"42000","sqlMessage":"Unknown database 'applive'"}
Error: Unknown database 'applive'
    at Packet.asError (D:\App_Live\node_modules\mysql2\lib\packets\packet.js:930:17)
    at ClientHandshake.execute (D:\App_Live\node_modules\mysql2\lib\commands\command.js:29:26)
    at PoolConnection.handlePacket (D:\App_Live\node_modules\mysql2\lib\base\connection.js:616:34)
    at PacketParser.onPacket (D:\App_Live\node_modules\mysql2\lib\base\connection.js:148:12)
    at PacketParser.executeStart (D:\App_Live\node_modules\mysql2\lib\packet_parser.js:86:16)
    at TLSSocket.<anonymous> (D:\App_Live\node_modules\mysql2\lib\base\connection.js:501:25)
    at TLSSocket.emit (node:events:519:28)
    at addChunk (node:internal/streams/readable:561:12)
    at readableAddChunkPushByteMode (node:internal/streams/readable:512:3)
    at Readable.push (node:internal/streams/readable:392:5)
2026-09-24 20:45:58 [ERROR]: MySQL connection error (attempt 5/5): Unknown database 'applive' {"code":"ER_BAD_DB_ERROR","errno":1049,"sqlState":"42000","sqlMessage":"Unknown database 'applive'"}
Error: Unknown database 'applive'
    at Packet.asError (D:\App_Live\node_modules\mysql2\lib\packets\packet.js:930:17)
    at ClientHandshake.execute (D:\App_Live\node_modules\mysql2\lib\commands\command.js:29:26)
    at PoolConnection.handlePacket (D:\App_Live\node_modules\mysql2\lib\base\connection.js:616:34)
    at PacketParser.onPacket (D:\App_Live\node_modules\mysql2\lib\base\connection.js:148:12)
    at PacketParser.executeStart (D:\App_Live\node_modules\mysql2\lib\packet_parser.js:86:16)
    at TLSSocket.<anonymous> (D:\App_Live\node_modules\mysql2\lib\base\connection.js:501:25)
    at TLSSocket.emit (node:events:519:28)
    at addChunk (node:internal/streams/readable:561:12)
    at readableAddChunkPushByteMode (node:internal/streams/readable:512:3)
    at Readable.push (node:internal/streams/readable:392:5)
2026-09-24 23:26:01 [ERROR]: MySQL query error: {"sql":"SELECT 1 as test, NOW() as time, DATABASE() as database, VERSION() as version","error":{"code":"ER_PARSE_ERROR","errno":1064,"sqlState":"42000","sqlMessage":"You have an error in your SQL syntax; check the manual that corresponds to your TiDB version for the right syntax to use line 1 column 55 near \"database, VERSION() as version\" ","sql":"SELECT 1 as test, NOW() as time, DATABASE() as database, VERSION() as version"}}
2026-10-02 18:06:53 [ERROR]: MySQL connection error (attempt 1/5): getaddrinfo ENOTFOUND gateway01.eu-central-1.prod.aws.tidbcloud.com {"errno":-3008,"code":"ENOTFOUND","syscall":"getaddrinfo","hostname":"gateway01.eu-central-1.prod.aws.tidbcloud.com","fatal":true}
Error: getaddrinfo ENOTFOUND gateway01.eu-central-1.prod.aws.tidbcloud.com
    at GetAddrInfoReqWrap.onlookupall [as oncomplete] (node:dns:122:26)
2026-10-02 18:06:55 [ERROR]: MySQL connection error (attempt 2/5): getaddrinfo ENOTFOUND gateway01.eu-central-1.prod.aws.tidbcloud.com {"errno":-3008,"code":"ENOTFOUND","syscall":"getaddrinfo","hostname":"gateway01.eu-central-1.prod.aws.tidbcloud.com","fatal":true}
Error: getaddrinfo ENOTFOUND gateway01.eu-central-1.prod.aws.tidbcloud.com
    at GetAddrInfoReqWrap.onlookupall [as oncomplete] (node:dns:122:26)
2026-10-02 18:06:59 [ERROR]: MySQL connection error (attempt 3/5): getaddrinfo ENOTFOUND gateway01.eu-central-1.prod.aws.tidbcloud.com {"errno":-3008,"code":"ENOTFOUND","syscall":"getaddrinfo","hostname":"gateway01.eu-central-1.prod.aws.tidbcloud.com","fatal":true}
Error: getaddrinfo ENOTFOUND gateway01.eu-central-1.prod.aws.tidbcloud.com
    at GetAddrInfoReqWrap.onlookupall [as oncomplete] (node:dns:122:26)
2026-10-02 18:07:05 [ERROR]: MySQL connection error (attempt 4/5): getaddrinfo ENOTFOUND gateway01.eu-central-1.prod.aws.tidbcloud.com {"errno":-3008,"code":"ENOTFOUND","syscall":"getaddrinfo","hostname":"gateway01.eu-central-1.prod.aws.tidbcloud.com","fatal":true}
Error: getaddrinfo ENOTFOUND gateway01.eu-central-1.prod.aws.tidbcloud.com
    at GetAddrInfoReqWrap.onlookupall [as oncomplete] (node:dns:122:26)
2026-10-02 18:07:13 [ERROR]: MySQL connection error (attempt 5/5): getaddrinfo ENOTFOUND gateway01.eu-central-1.prod.aws.tidbcloud.com {"errno":-3008,"code":"ENOTFOUND","syscall":"getaddrinfo","hostname":"gateway01.eu-central-1.prod.aws.tidbcloud.com","fatal":true}
Error: getaddrinfo ENOTFOUND gateway01.eu-central-1.prod.aws.tidbcloud.com
    at GetAddrInfoReqWrap.onlookupall [as oncomplete] (node:dns:122:26)
2026-10-02 20:33:18 [ERROR]: Kafka connection error: Connection error: getaddrinfo ENOTFOUND kafka-3abe2a9d-ahmedwalidamin123-6b6b.b.aivencloud.com {"name":"KafkaJSNumberOfRetriesExceeded","retriable":false,"retryCount":8,"retryTime":30000,"cause":{"name":"KafkaJSConnectionError","retriable":true,"broker":"kafka-3abe2a9d-ahmedwalidamin123-6b6b.b.aivencloud.com:25764","code":"ENOTFOUND"}}
KafkaJSNonRetriableError
  Caused by: KafkaJSConnectionError: Connection error: getaddrinfo ENOTFOUND kafka-3abe2a9d-ahmedwalidamin123-6b6b.b.aivencloud.com
    at TLSSocket.onError (D:\App_Live\node_modules\kafkajs\src\network\connection.js:210:23)
    at TLSSocket.emit (node:events:519:28)
    at emitErrorNT (node:internal/streams/destroy:170:8)
    at emitErrorCloseNT (node:internal/streams/destroy:129:3)
    at process.processTicksAndRejections (node:internal/process/task_queues:90:21)
2026-10-02 20:48:04 [ERROR]: Kafka connection error: Connection error: getaddrinfo ENOTFOUND kafka-3abe2a9d-ahmedwalidamin123-6b6b.b.aivencloud.com {"name":"KafkaJSNumberOfRetriesExceeded","retriable":false,"retryCount":8,"retryTime":30000,"cause":{"name":"KafkaJSConnectionError","retriable":true,"broker":"kafka-3abe2a9d-ahmedwalidamin123-6b6b.b.aivencloud.com:25764","code":"ENOTFOUND"}}
KafkaJSNonRetriableError
  Caused by: KafkaJSConnectionError: Connection error: getaddrinfo ENOTFOUND kafka-3abe2a9d-ahmedwalidamin123-6b6b.b.aivencloud.com
    at TLSSocket.onError (D:\App_Live\node_modules\kafkajs\src\network\connection.js:210:23)
    at TLSSocket.emit (node:events:519:28)
    at emitErrorNT (node:internal/streams/destroy:170:8)
    at emitErrorCloseNT (node:internal/streams/destroy:129:3)
    at process.processTicksAndRejections (node:internal/process/task_queues:90:21)
2026-10-03 17:23:07 [ERROR]: Kafka connection error: Connection error: getaddrinfo ENOTFOUND kafka-3abe2a9d-ahmedwalidamin123-6b6b.b.aivencloud.com {"name":"KafkaJSNumberOfRetriesExceeded","retriable":false,"retryCount":8,"retryTime":30000,"cause":{"name":"KafkaJSConnectionError","retriable":true,"broker":"kafka-3abe2a9d-ahmedwalidamin123-6b6b.b.aivencloud.com:25764","code":"ENOTFOUND"}}
KafkaJSNonRetriableError
  Caused by: KafkaJSConnectionError: Connection error: getaddrinfo ENOTFOUND kafka-3abe2a9d-ahmedwalidamin123-6b6b.b.aivencloud.com
    at TLSSocket.onError (D:\App_Live\node_modules\kafkajs\src\network\connection.js:210:23)
    at TLSSocket.emit (node:events:519:28)
    at emitErrorNT (node:internal/streams/destroy:170:8)
    at emitErrorCloseNT (node:internal/streams/destroy:129:3)
    at process.processTicksAndRejections (node:internal/process/task_queues:90:21)
2026-10-03 17:32:44 [ERROR]: Kafka connection error: Connection error: getaddrinfo ENOTFOUND kafka-3abe2a9d-ahmedwalidamin123-6b6b.b.aivencloud.com {"name":"KafkaJSNumberOfRetriesExceeded","retriable":false,"retryCount":8,"retryTime":30000,"cause":{"name":"KafkaJSConnectionError","retriable":true,"broker":"kafka-3abe2a9d-ahmedwalidamin123-6b6b.b.aivencloud.com:25764","code":"ENOTFOUND"}}
KafkaJSNonRetriableError
  Caused by: KafkaJSConnectionError: Connection error: getaddrinfo ENOTFOUND kafka-3abe2a9d-ahmedwalidamin123-6b6b.b.aivencloud.com
    at TLSSocket.onError (D:\App_Live\node_modules\kafkajs\src\network\connection.js:210:23)
    at TLSSocket.emit (node:events:519:28)
    at emitErrorNT (node:internal/streams/destroy:170:8)
    at emitErrorCloseNT (node:internal/streams/destroy:129:3)
    at process.processTicksAndRejections (node:internal/process/task_queues:90:21)
2026-10-03 18:15:57 [ERROR]: Get social keys error: "[object Object]" is not valid JSON
SyntaxError: "[object Object]" is not valid JSON
    at JSON.parse (<anonymous>)
    at findByIdWithKeys (D:\App_Live\src\repositories\userRepository.ts:45:14)
    at process.processTicksAndRejections (node:internal/process/task_queues:105:5)
    at async Module.getUserSocialKeys (D:\App_Live\src\services\userService.ts:58:16)
    at async getSocialKeys (D:\App_Live\src\controllers\userController.ts:40:20)
2026-10-03 18:18:56 [ERROR]: Get social keys error: "[object Object]" is not valid JSON
SyntaxError: "[object Object]" is not valid JSON
    at JSON.parse (<anonymous>)
    at findByIdWithKeys (D:\App_Live\src\repositories\userRepository.ts:45:14)
    at process.processTicksAndRejections (node:internal/process/task_queues:105:5)
    at async Module.getUserSocialKeys (D:\App_Live\src\services\userService.ts:58:16)
    at async getSocialKeys (D:\App_Live\src\controllers\userController.ts:40:20)
2026-10-03 20:37:47 [ERROR]: Start stream error: Cannot destructure property 'title' of 'data' as it is undefined.
TypeError: Cannot destructure property 'title' of 'data' as it is undefined.
    at Module.startUserStream (D:\App_Live\src\services\streamService.ts:24:11)
    at startStream (D:\App_Live\src\controllers\streamController.ts:9:40)
    at Layer.handleRequest (D:\App_Live\node_modules\router\lib\layer.js:152:17)
    at next (D:\App_Live\node_modules\router\lib\route.js:157:13)
    at file:///D:/App_Live/node_modules/express-rate-limit/dist/index.mjs:1010:7
    at process.processTicksAndRejections (node:internal/process/task_queues:105:5)
    at async file:///D:/App_Live/node_modules/express-rate-limit/dist/index.mjs:830:5
2026-10-03 20:38:20 [ERROR]: Stream stream_1791049100547 error: Cannot find ffmpeg
Error: Cannot find ffmpeg
    at D:\App_Live\node_modules\fluent-ffmpeg\lib\processor.js:134:22
    at D:\App_Live\node_modules\fluent-ffmpeg\lib\capabilities.js:123:9
    at D:\App_Live\node_modules\fluent-ffmpeg\lib\capabilities.js:116:11
    at D:\App_Live\node_modules\fluent-ffmpeg\lib\utils.js:223:16
    at F (D:\App_Live\node_modules\which\which.js:68:16)
    at E (D:\App_Live\node_modules\which\which.js:80:29)
    at D:\App_Live\node_modules\which\which.js:89:16
    at D:\App_Live\node_modules\isexe\index.js:42:5
    at D:\App_Live\node_modules\isexe\windows.js:36:5
    at FSReqCallback.oncomplete (node:fs:197:21)
2026-10-03 20:38:22 [ERROR]: MySQL query error: {"sql":"\n      SELECT *\n      FROM streams\n      WHERE stream_key = ?\n      LIMIT 1\n    ","params":[null],"error":{}}
2026-10-03 20:38:22 [ERROR]: Error processing stream event: Bind parameters must not contain undefined. To pass SQL NULL specify JS null
TypeError: Bind parameters must not contain undefined. To pass SQL NULL specify JS null
    at query (D:\App_Live\src\config\database\mysql.ts:199:23)
    at Object.findOne (D:\App_Live\src\config\database\mysql.ts:409:13)
    at findByStreamKey (D:\App_Live\src\repositories\streamRepository.ts:31:13)
    at Runner.eachMessage (D:\App_Live\src\events\consumers\streamConsumer.ts:22:32)
    at Runner.processEachMessage (D:\App_Live\node_modules\kafkajs\src\consumer\runner.js:231:20)
    at onBatch (D:\App_Live\node_modules\kafkajs\src\consumer\runner.js:447:20)
    at Runner.handleBatch (D:\App_Live\node_modules\kafkajs\src\consumer\runner.js:461:11)
    at handler (D:\App_Live\node_modules\kafkajs\src\consumer\runner.js:58:30)
    at D:\App_Live\node_modules\kafkajs\src\consumer\worker.js:29:15
    at Object.run (D:\App_Live\node_modules\kafkajs\src\utils\sharedPromiseTo.js:14:17)
2026-10-03 21:06:34 [ERROR]: Stream stream_1791050794740 error: Cannot find ffmpeg
Error: Cannot find ffmpeg
    at D:\App_Live\node_modules\fluent-ffmpeg\lib\processor.js:134:22
    at proto._getFfmpegPath (D:\App_Live\node_modules\fluent-ffmpeg\lib\capabilities.js:90:14)
    at proto._spawnFfmpeg (D:\App_Live\node_modules\fluent-ffmpeg\lib\processor.js:130:10)
    at proto.availableFormats.proto.getAvailableFormats (D:\App_Live\node_modules\fluent-ffmpeg\lib\capabilities.js:517:10)
    at D:\App_Live\node_modules\fluent-ffmpeg\lib\capabilities.js:568:14
    at fn (D:\App_Live\node_modules\async\lib\async.js:582:34)
    at Immediate._onImmediate (D:\App_Live\node_modules\async\lib\async.js:498:34)
    at process.processImmediate (node:internal/timers:485:21)
2026-10-03 21:06:35 [ERROR]: MySQL query error: {"sql":"\n      SELECT *\n      FROM streams\n      WHERE stream_key = ?\n      LIMIT 1\n    ","params":[null],"error":{}}
2026-10-03 21:06:35 [ERROR]: Error processing stream event: Bind parameters must not contain undefined. To pass SQL NULL specify JS null
TypeError: Bind parameters must not contain undefined. To pass SQL NULL specify JS null
    at query (D:\App_Live\src\config\database\mysql.ts:199:23)
    at Object.findOne (D:\App_Live\src\config\database\mysql.ts:409:13)
    at findByStreamKey (D:\App_Live\src\repositories\streamRepository.ts:31:13)
    at Runner.eachMessage (D:\App_Live\src\events\consumers\streamConsumer.ts:22:32)
    at Runner.processEachMessage (D:\App_Live\node_modules\kafkajs\src\consumer\runner.js:231:20)
    at onBatch (D:\App_Live\node_modules\kafkajs\src\consumer\runner.js:447:20)
    at Runner.handleBatch (D:\App_Live\node_modules\kafkajs\src\consumer\runner.js:461:11)
    at handler (D:\App_Live\node_modules\kafkajs\src\consumer\runner.js:58:30)
    at D:\App_Live\node_modules\kafkajs\src\consumer\worker.js:29:15
    at Object.run (D:\App_Live\node_modules\kafkajs\src\utils\sharedPromiseTo.js:14:17)
2026-10-03 21:21:06 [ERROR]: MySQL query error: {"sql":"\n      INSERT INTO donations\n      (id, stream_id, user_id, amount, currency, message, platform)\n      VALUES (?, ?, ?, ?, ?, ?, ?)\n    ","params":["e309e97d-0719-4b39-b1c7-eb77dffac62c",null,null,"50.00","USD","Keep going!","youtube"],"error":{}}
2026-10-03 21:21:06 [ERROR]: Error processing donation: Bind parameters must not contain undefined. To pass SQL NULL specify JS null
TypeError: Bind parameters must not contain undefined. To pass SQL NULL specify JS null
    at query (D:\App_Live\src\config\database\mysql.ts:199:23)
    at Object.create (D:\App_Live\src\config\database\mysql.ts:498:13)
    at createDonation (D:\App_Live\src\repositories\donationRepository.ts:15:12)
    at Runner.eachMessage (D:\App_Live\src\events\consumers\donationConsumer.ts:18:15)
    at Runner.processEachMessage (D:\App_Live\node_modules\kafkajs\src\consumer\runner.js:231:20)
    at onBatch (D:\App_Live\node_modules\kafkajs\src\consumer\runner.js:447:20)
    at Runner.handleBatch (D:\App_Live\node_modules\kafkajs\src\consumer\runner.js:461:11)
    at handler (D:\App_Live\node_modules\kafkajs\src\consumer\runner.js:58:30)
    at D:\App_Live\node_modules\kafkajs\src\consumer\worker.js:29:15
    at Object.run (D:\App_Live\node_modules\kafkajs\src\utils\sharedPromiseTo.js:14:17)
2026-10-06 02:27:19 [ERROR]: Stream f64153ed-b6b0-406e-b550-45b4efef8368 error: Cannot find ffmpeg
Error: Cannot find ffmpeg
    at D:\App_Live\node_modules\fluent-ffmpeg\lib\processor.js:134:22
    at D:\App_Live\node_modules\fluent-ffmpeg\lib\capabilities.js:123:9
    at D:\App_Live\node_modules\fluent-ffmpeg\lib\capabilities.js:116:11
    at D:\App_Live\node_modules\fluent-ffmpeg\lib\utils.js:223:16
    at F (D:\App_Live\node_modules\which\which.js:68:16)
    at E (D:\App_Live\node_modules\which\which.js:80:29)
    at D:\App_Live\node_modules\which\which.js:89:16
    at D:\App_Live\node_modules\isexe\index.js:42:5
    at D:\App_Live\node_modules\isexe\windows.js:36:5
    at FSReqCallback.oncomplete (node:fs:197:21)
2026-10-06 02:27:20 [ERROR]: MySQL query error: {"sql":"\n      SELECT *\n      FROM streams\n      WHERE stream_key = ?\n      LIMIT 1\n    ","params":[null],"error":{}}
2026-10-06 02:27:20 [ERROR]: Error processing stream event: Bind parameters must not contain undefined. To pass SQL NULL specify JS null
TypeError: Bind parameters must not contain undefined. To pass SQL NULL specify JS null
    at query (D:\App_Live\src\config\database\mysql.ts:199:23)
    at Object.findOne (D:\App_Live\src\config\database\mysql.ts:409:13)
    at findByStreamKey (D:\App_Live\src\repositories\streamRepository.ts:32:13)
    at Runner.eachMessage (D:\App_Live\src\events\consumers\streamConsumer.ts:22:32)
    at Runner.processEachMessage (D:\App_Live\node_modules\kafkajs\src\consumer\runner.js:231:20)
    at onBatch (D:\App_Live\node_modules\kafkajs\src\consumer\runner.js:447:20)
    at Runner.handleBatch (D:\App_Live\node_modules\kafkajs\src\consumer\runner.js:461:11)
    at handler (D:\App_Live\node_modules\kafkajs\src\consumer\runner.js:58:30)
    at D:\App_Live\node_modules\kafkajs\src\consumer\worker.js:29:15
    at Object.run (D:\App_Live\node_modules\kafkajs\src\utils\sharedPromiseTo.js:14:17)
2026-10-06 02:30:10 [ERROR]: Stream 46ceb563-571e-4050-b18e-6f08c923806b error: Cannot find ffmpeg
Error: Cannot find ffmpeg
    at D:\App_Live\node_modules\fluent-ffmpeg\lib\processor.js:134:22
    at proto._getFfmpegPath (D:\App_Live\node_modules\fluent-ffmpeg\lib\capabilities.js:90:14)
    at proto._spawnFfmpeg (D:\App_Live\node_modules\fluent-ffmpeg\lib\processor.js:130:10)
    at proto.availableFormats.proto.getAvailableFormats (D:\App_Live\node_modules\fluent-ffmpeg\lib\capabilities.js:517:10)
    at D:\App_Live\node_modules\fluent-ffmpeg\lib\capabilities.js:568:14
    at fn (D:\App_Live\node_modules\async\lib\async.js:582:34)
    at Immediate._onImmediate (D:\App_Live\node_modules\async\lib\async.js:498:34)
    at process.processImmediate (node:internal/timers:485:21)
2026-10-06 02:30:10 [ERROR]: MySQL query error: {"sql":"\n      SELECT *\n      FROM streams\n      WHERE stream_key = ?\n      LIMIT 1\n    ","params":[null],"error":{}}
2026-10-06 02:30:10 [ERROR]: Error processing stream event: Bind parameters must not contain undefined. To pass SQL NULL specify JS null
TypeError: Bind parameters must not contain undefined. To pass SQL NULL specify JS null
    at query (D:\App_Live\src\config\database\mysql.ts:199:23)
    at Object.findOne (D:\App_Live\src\config\database\mysql.ts:409:13)
    at findByStreamKey (D:\App_Live\src\repositories\streamRepository.ts:32:13)
    at Runner.eachMessage (D:\App_Live\src\events\consumers\streamConsumer.ts:22:32)
    at Runner.processEachMessage (D:\App_Live\node_modules\kafkajs\src\consumer\runner.js:231:20)
    at onBatch (D:\App_Live\node_modules\kafkajs\src\consumer\runner.js:447:20)
    at Runner.handleBatch (D:\App_Live\node_modules\kafkajs\src\consumer\runner.js:461:11)
    at handler (D:\App_Live\node_modules\kafkajs\src\consumer\runner.js:58:30)
    at D:\App_Live\node_modules\kafkajs\src\consumer\worker.js:29:15
    at Object.run (D:\App_Live\node_modules\kafkajs\src\utils\sharedPromiseTo.js:14:17)
2026-10-07 02:39:04 [ERROR]: WebSocket auth error: jwt expired {"name":"TokenExpiredError","expiredAt":"2026-10-06T23:13:24.000Z"}
TokenExpiredError: jwt expired
    at D:\App_Live\node_modules\jsonwebtoken\verify.js:190:21
    at getSecret (D:\App_Live\node_modules\jsonwebtoken\verify.js:97:14)
    at module.exports [as verify] (D:\App_Live\node_modules\jsonwebtoken\verify.js:101:10)
    at verifyAccessToken (D:\App_Live\src\utils\token.ts:28:14)
    at handleAuthenticate (D:\App_Live\src\websocket\handlers\message.ts:94:21)
    at handleMessage (D:\App_Live\src\websocket\handlers\message.ts:24:15)
    at WebSocket.<anonymous> (D:\App_Live\src\websocket\index.ts:22:7)
    at WebSocket.emit (node:events:519:28)
    at Receiver.receiverOnMessage (D:\App_Live\node_modules\ws\lib\websocket.js:1239:20)
    at Receiver.emit (node:events:519:28)
